07:23:18 **** Build of configuration Debug for project lab1 ****
make all 
make: Warning: File 'objects.mk' has modification time 109 s in the future
Building file: ../src/extra.c
Invoking: MicroBlaze gcc compiler
mb-gcc -Wall -O0 -g3 -c -fmessage-length=0 -MT"src/extra.o" -I/home/rrlingam/workspace/system_wrapper/export/system_wrapper/sw/system_wrapper/standalone_microblaze_0/bspinclude/include -mlittle-endian -mxl-barrel-shift -mno-xl-soft-div -mcpu=v11.0 -mno-xl-soft-mul -Wl,--no-relax -ffunction-sections -fdata-sections -MMD -MP -MF"src/extra.d" -MT"src/extra.o" -o "src/extra.o" "../src/extra.c"
In file included from ../src/extra.h:7,
                 from ../src/extra.c:1:
/home/rrlingam/workspace/system_wrapper/export/system_wrapper/sw/system_wrapper/standalone_microblaze_0/bspinclude/include/xbasic_types.h:102:2: warning: #warning The xbasics_type.h file is deprecated and users should use xil_types.h and xil_assert. [-Wcpp]
  102 | #warning  The xbasics_type.h file is deprecated and users should use xil_types.h and xil_assert.
      |  ^~~~~~~
/home/rrlingam/workspace/system_wrapper/export/system_wrapper/sw/system_wrapper/standalone_microblaze_0/bspinclude/include/xbasic_types.h:103:2: warning: #warning Please refer the Standalone BSP UG647 for further details [-Wcpp]
  103 | #warning  Please refer the Standalone BSP UG647 for further details
      |  ^~~~~~~
Finished building: ../src/extra.c
 
Building file: ../src/platform.c
Invoking: MicroBlaze gcc compiler
mb-gcc -Wall -O0 -g3 -c -fmessage-length=0 -MT"src/platform.o" -I/home/rrlingam/workspace/system_wrapper/export/system_wrapper/sw/system_wrapper/standalone_microblaze_0/bspinclude/include -mlittle-endian -mxl-barrel-shift -mno-xl-soft-div -mcpu=v11.0 -mno-xl-soft-mul -Wl,--no-relax -ffunction-sections -fdata-sections -MMD -MP -MF"src/platform.d" -MT"src/platform.o" -o "src/platform.o" "../src/platform.c"
Finished building: ../src/platform.c
 
Building file: ../src/timing.c
Invoking: MicroBlaze gcc compiler
mb-gcc -Wall -O0 -g3 -c -fmessage-length=0 -MT"src/timing.o" -I/home/rrlingam/workspace/system_wrapper/export/system_wrapper/sw/system_wrapper/standalone_microblaze_0/bspinclude/include -mlittle-endian -mxl-barrel-shift -mno-xl-soft-div -mcpu=v11.0 -mno-xl-soft-mul -Wl,--no-relax -ffunction-sections -fdata-sections -MMD -MP -MF"src/timing.d" -MT"src/timing.o" -o "src/timing.o" "../src/timing.c"
In file included from ../src/extra.h:7,
                 from ../src/timing.c:14:
/home/rrlingam/workspace/system_wrapper/export/system_wrapper/sw/system_wrapper/standalone_microblaze_0/bspinclude/include/xbasic_types.h:102:2: warning: #warning The xbasics_type.h file is deprecated and users should use xil_types.h and xil_assert. [-Wcpp]
  102 | #warning  The xbasics_type.h file is deprecated and users should use xil_types.h and xil_assert.
      |  ^~~~~~~
/home/rrlingam/workspace/system_wrapper/export/system_wrapper/sw/system_wrapper/standalone_microblaze_0/bspinclude/include/xbasic_types.h:103:2: warning: #warning Please refer the Standalone BSP UG647 for further details [-Wcpp]
  103 | #warning  Please refer the Standalone BSP UG647 for further details
      |  ^~~~~~~
../src/timing.c: In function 'main':
../src/timing.c:73:31: warning: variable 'Data' set but not used [-Wunused-but-set-variable]
   73 |         volatile unsigned int Data;
      |                               ^~~~
Finished building: ../src/timing.c
 
Building target: lab1.elf
Invoking: MicroBlaze gcc linker
mb-gcc -Wl,-T -Wl,../src/lscript.ld -L/home/rrlingam/workspace/system_wrapper/export/system_wrapper/sw/system_wrapper/standalone_microblaze_0/bsplib/lib -mlittle-endian -mxl-barrel-shift -mno-xl-soft-div -mcpu=v11.0 -mno-xl-soft-mul -Wl,--no-relax -Wl,--gc-sections -o "lab1.elf"  ./src/extra.o ./src/platform.o ./src/timing.o   -Wl,--start-group,-lxil,-lgcc,-lc,--end-group
Finished building target: lab1.elf
 
Invoking: MicroBlaze Print Size
mb-size lab1.elf  |tee "lab1.elf.size"
   text	   data	    bss	    dec	    hex	filename
  16548	   1436	4203480	4221464	 406a18	lab1.elf
Finished building: lab1.elf.size
make: warning:  Clock skew detected.  Your build may be incomplete.
 

07:23:18 Build Finished (took 716ms)

