22:58:01 **** Build of configuration Debug for project pre_lab_vitis_application ****
make all 
Building file: ../src/helloworld.c
Invoking: MicroBlaze gcc compiler
mb-gcc -Wall -O0 -g3 -c -fmessage-length=0 -MT"src/helloworld.o" -I/home/rrlingam/workspace/Pre_lab_vitis/export/Pre_lab_vitis/sw/Pre_lab_vitis/standalone_domain/bspinclude/include -mlittle-endian -mxl-barrel-shift -mno-xl-soft-div -mcpu=v11.0 -mno-xl-soft-mul -Wl,--no-relax -ffunction-sections -fdata-sections -MMD -MP -MF"src/helloworld.d" -MT"src/helloworld.o" -o "src/helloworld.o" "../src/helloworld.c"
Finished building: ../src/helloworld.c
 
Building file: ../src/platform.c
Invoking: MicroBlaze gcc compiler
mb-gcc -Wall -O0 -g3 -c -fmessage-length=0 -MT"src/platform.o" -I/home/rrlingam/workspace/Pre_lab_vitis/export/Pre_lab_vitis/sw/Pre_lab_vitis/standalone_domain/bspinclude/include -mlittle-endian -mxl-barrel-shift -mno-xl-soft-div -mcpu=v11.0 -mno-xl-soft-mul -Wl,--no-relax -ffunction-sections -fdata-sections -MMD -MP -MF"src/platform.d" -MT"src/platform.o" -o "src/platform.o" "../src/platform.c"
Finished building: ../src/platform.c
 
Building target: pre_lab_vitis_application.elf
Invoking: MicroBlaze gcc linker
mb-gcc -Wl,-T -Wl,../src/lscript.ld -L/home/rrlingam/workspace/Pre_lab_vitis/export/Pre_lab_vitis/sw/Pre_lab_vitis/standalone_domain/bsplib/lib -mlittle-endian -mxl-barrel-shift -mno-xl-soft-div -mcpu=v11.0 -mno-xl-soft-mul -Wl,--no-relax -Wl,--gc-sections -o "pre_lab_vitis_application.elf"  ./src/helloworld.o ./src/platform.o   -Wl,--start-group,-lxil,-lgcc,-lc,--end-group
Finished building target: pre_lab_vitis_application.elf
 
Invoking: MicroBlaze Print Size
mb-size pre_lab_vitis_application.elf  |tee "pre_lab_vitis_application.elf.size"
   text	   data	    bss	    dec	    hex	filename
   2824	    324	   8228	  11376	   2c70	pre_lab_vitis_application.elf
Finished building: pre_lab_vitis_application.elf.size
 

22:58:02 Build Finished (took 488ms)

